I'm sorry, but errors were detected in your script. Please correct the
errors listed below, and try again.


File "game/script.rpy", line 220: play requires a channel
    play "audio/fire.wav"
         ^

Ren'Py Version: Ren'Py 8.1.1.23060707
Mon Aug 14 02:17:15 2023
